src/components/shared/ServiceTypePicker.tsx(95,55): error TS2538: Type 'undefined' cannot be used as an index type.
src/pages/account/AccountProfilePage.tsx(95,5): error TS2322: Type 'Resolver<{ firstName: string; lastName: string; phone?: string | undefined; street?: string | undefined; barangay?: string | undefined; city?: string | undefined; province?: string | undefined; zip?: string | undefined; country?: string | undefined; addressType?: "personal" | ... 1 more ... | undefined; }, any, { .....' is not assignable to type 'Resolver<{ firstName: string; lastName: string; addressType: "personal" | "business"; phone?: string | undefined; street?: string | undefined; barangay?: string | undefined; city?: string | undefined; province?: string | undefined; zip?: string | undefined; country?: string | undefined; }, any, { ...; }>'.
  Types of parameters 'options' and 'options' are incompatible.
    Type 'ResolverOptions<{ firstName: string; lastName: string; addressType: "personal" | "business"; phone?: string | undefined; street?: string | undefined; barangay?: string | undefined; city?: string | undefined; province?: string | undefined; zip?: string | undefined; country?: string | undefined; }>' is not assignable to type 'ResolverOptions<{ firstName: string; lastName: string; phone?: string | undefined; street?: string | undefined; barangay?: string | undefined; city?: string | undefined; province?: string | undefined; zip?: string | undefined; country?: string | undefined; addressType?: "personal" | ... 1 more ... | undefined; }>'.
      Type '"personal" | "business" | undefined' is not assignable to type '"personal" | "business"'.
        Type 'undefined' is not assignable to type '"personal" | "business"'.
src/pages/account/AccountProfilePage.tsx(106,24): error TS2339: Property 'addressType' does not exist on type '{ street?: string | undefined; barangay?: string | undefined; city?: string | undefined; province?: string | undefined; zip?: string | undefined; country?: string | undefined; lat?: number | undefined; lng?: number | undefined; formattedAddress?: string | undefined; }'.
src/pages/account/AccountProfilePage.tsx(144,11): error TS2353: Object literal may only specify known properties, and 'addressType' does not exist in type '{ street?: string | undefined; barangay?: string | undefined; city?: string | undefined; province?: string | undefined; zip?: string | undefined; country?: string | undefined; lat?: number | undefined; lng?: number | undefined; formattedAddress?: string | undefined; }'.
src/pages/account/AccountProfilePage.tsx(201,38): error TS2345: Argument of type '(data: ProfileFormData) => Promise<void>' is not assignable to parameter of type 'SubmitHandler<TFieldValues>'.
  Types of parameters 'data' and 'data' are incompatible.
    Type 'TFieldValues' is not assignable to type '{ firstName: string; lastName: string; addressType: "personal" | "business"; phone?: string | undefined; street?: string | undefined; barangay?: string | undefined; city?: string | undefined; province?: string | undefined; zip?: string | undefined; country?: string | undefined; }'.
      Type 'FieldValues' is missing the following properties from type '{ firstName: string; lastName: string; addressType: "personal" | "business"; phone?: string | undefined; street?: string | undefined; barangay?: string | undefined; city?: string | undefined; province?: string | undefined; zip?: string | undefined; country?: string | undefined; }': firstName, lastName, addressType
src/pages/appointments/AppointmentDetailPage.tsx(468,11): error TS2322: Type 'string | undefined' is not assignable to type 'string'.
  Type 'undefined' is not assignable to type 'string'.
src/pages/appointments/AppointmentDetailPage.tsx(545,19): error TS2551: Property 'serviceTypes' does not exist on type 'Appointment'. Did you mean 'serviceType'?
src/pages/appointments/AppointmentDetailPage.tsx(545,40): error TS2551: Property 'serviceTypes' does not exist on type 'Appointment'. Did you mean 'serviceType'?
src/pages/appointments/AppointmentDetailPage.tsx(550,24): error TS2551: Property 'serviceTypes' does not exist on type 'Appointment'. Did you mean 'serviceType'?
src/pages/appointments/AppointmentDetailPage.tsx(550,41): error TS7006: Parameter 'st' implicitly has an 'any' type.
src/pages/appointments/AppointmentsPage.tsx(425,59): error TS2339: Property 'availabilityStatus' does not exist on type 'never'.
src/pages/appointments/AppointmentsPage.tsx(428,58): error TS2339: Property 'availabilityStatus' does not exist on type 'never'.
src/pages/appointments/AppointmentsPage.tsx(433,84): error TS2339: Property 'firstName' does not exist on type 'never'.
src/pages/appointments/AppointmentsPage.tsx(433,115): error TS2339: Property 'lastName' does not exist on type 'never'.
src/pages/appointments/AppointmentsPage.tsx(434,58): error TS2339: Property 'availabilityNote' does not exist on type 'never'.
src/pages/appointments/AppointmentsPage.tsx(436,63): error TS2339: Property 'availabilityNote' does not exist on type 'never'.
src/pages/appointments/BookAppointmentPage.tsx(163,11): error TS2561: Object literal may only specify known properties, but 'serviceTypes' does not exist in type '{ type: string; date: string; slotCode: string; purpose?: string | undefined; serviceType?: string | undefined; serviceTypeCustom?: string | undefined; formattedAddress?: string | undefined; customerLocation?: { ...; } | undefined; lockId?: string | undefined; addressStructured?: { ...; } | undefined; ocularFeePayme...'. Did you mean to write 'serviceType'?
src/pages/appointments/BookAppointmentPage.tsx(229,30): error TS2532: Object is possibly 'undefined'.
src/pages/visit-reports/VisitReportPage.tsx(282,31): error TS2339: Property 'discussionNotes' does not exist on type 'VisitReport'.
src/pages/visit-reports/VisitReportPage.tsx(786,29): error TS2339: Property 'discussionNotes' does not exist on type 'VisitReport'.
src/pages/visit-reports/VisitReportPage.tsx(972,19): error TS2322: Type 'string' is not assignable to type 'string[]'.
src/pages/visit-reports/VisitReportPage.tsx(975,36): error TS2345: Argument of type 'string[]' is not assignable to parameter of type 'SetStateAction<string>'.
